// Jest Snapshot v1, https://goo.gl/fbAQLP

exports[`top-nav/presenters/HelpActionPresenter  1`] = `
<div
  className="hig__top-nav__action"
>
  <div
    className="hig__flyout-v1 hig__flyout-v1--exited hig__flyout-v1--top-right"
  >
    <div
      className="hig__flyout-v1__action"
    >
      <button
        className="hig__top-nav__help-action"
        onClick={[Function]}
        type="button"
      >
        <div
          className="hig__icon hig__icon--24-size"
          dangerouslySetInnerHTML={
            Object {
              "__html": "<svg xmlns=\\"http://www.w3.org/2000/svg\\" width=\\"24\\" height=\\"24\\" viewBox=\\"0 0 24 24\\" role=\\"img\\" title=\\"help-24\\"><g fill=\\"#2e4258\\"><path d=\\"M12,22A10,10,0,1,1,22,12,10,10,0,0,1,12,22ZM12,3a9,9,0,1,0,9,9A9,9,0,0,0,12,3Z\\"/><path d=\\"M12.35,6.33A3.15,3.15,0,0,0,9,9.23l0,.24,1.49.32,0-.25c.23-1.19.83-1.77,1.83-1.77a1.78,1.78,0,0,1,1.15.38,1.2,1.2,0,0,1,.46,1,1.46,1.46,0,0,1-.48,1.08,6.25,6.25,0,0,1-.8.51,3.93,3.93,0,0,0-.77.5,1.57,1.57,0,0,0-.32.48,1.81,1.81,0,0,0-.17.6c0,.19-.08,1.44-.08,2.15v.25h1.5V12.89a.93.93,0,0,1,.12-.55,2.75,2.75,0,0,1,.83-.55,2.92,2.92,0,0,0,1.85-2.61,2.65,2.65,0,0,0-.91-2.06A3.38,3.38,0,0,0,12.35,6.33Z\\"/><rect x=\\"10.95\\" y=\\"16\\" width=\\"2.1\\" height=\\"2.1\\" rx=\\".79\\" ry=\\".79\\"/></g></svg>",
            }
          }
        />
      </button>
    </div>
    <div
      className="hig__flyout-v1__container"
      style={
        Object {
          "left": undefined,
          "top": undefined,
        }
      }
    >
      <div
        aria-hidden="true"
        className="hig__flyout-v1__chevron"
        role="presentation"
      />
      <div
        aria-hidden="true"
        className="hig__flyout-v1__chevron-cover"
        role="presentation"
      />
      <div
        className="hig__flyout-v1__panel-container"
        style={
          Object {
            "maxHeight": undefined,
          }
        }
      >
        <div
          className="hig__flyout-v1__panel-container__inner"
        >
          <div
            className="hig__flyout-v1__panel"
            onScroll={undefined}
          />
        </div>
      </div>
    </div>
  </div>
</div>
`;

exports[`top-nav/presenters/HelpActionPresenter  2`] = `
<div
  className="hig__top-nav__action"
>
  <div
    className="hig__flyout-v1 hig__flyout-v1--exited hig__flyout-v1--top-right"
  >
    <div
      className="hig__flyout-v1__action"
    >
      <button
        className="hig__top-nav__help-action"
        onClick={[Function]}
        type="button"
      >
        <div
          className="hig__icon hig__icon--24-size"
          dangerouslySetInnerHTML={
            Object {
              "__html": "<svg xmlns=\\"http://www.w3.org/2000/svg\\" width=\\"24\\" height=\\"24\\" viewBox=\\"0 0 24 24\\" role=\\"img\\" title=\\"help-24\\"><g fill=\\"#2e4258\\"><path d=\\"M12,22A10,10,0,1,1,22,12,10,10,0,0,1,12,22ZM12,3a9,9,0,1,0,9,9A9,9,0,0,0,12,3Z\\"/><path d=\\"M12.35,6.33A3.15,3.15,0,0,0,9,9.23l0,.24,1.49.32,0-.25c.23-1.19.83-1.77,1.83-1.77a1.78,1.78,0,0,1,1.15.38,1.2,1.2,0,0,1,.46,1,1.46,1.46,0,0,1-.48,1.08,6.25,6.25,0,0,1-.8.51,3.93,3.93,0,0,0-.77.5,1.57,1.57,0,0,0-.32.48,1.81,1.81,0,0,0-.17.6c0,.19-.08,1.44-.08,2.15v.25h1.5V12.89a.93.93,0,0,1,.12-.55,2.75,2.75,0,0,1,.83-.55,2.92,2.92,0,0,0,1.85-2.61,2.65,2.65,0,0,0-.91-2.06A3.38,3.38,0,0,0,12.35,6.33Z\\"/><rect x=\\"10.95\\" y=\\"16\\" width=\\"2.1\\" height=\\"2.1\\" rx=\\".79\\" ry=\\".79\\"/></g></svg>",
            }
          }
        />
      </button>
    </div>
    <div
      className="hig__flyout-v1__container"
      style={
        Object {
          "left": undefined,
          "top": undefined,
        }
      }
    >
      <div
        aria-hidden="true"
        className="hig__flyout-v1__chevron"
        role="presentation"
      />
      <div
        aria-hidden="true"
        className="hig__flyout-v1__chevron-cover"
        role="presentation"
      />
      <div
        className="hig__flyout-v1__panel-container"
        style={
          Object {
            "maxHeight": undefined,
          }
        }
      >
        <div
          className="hig__flyout-v1__panel-container__inner"
        >
          <div
            className="hig__flyout-v1__panel"
            onScroll={undefined}
          >
            <div
              className="logo"
            />
          </div>
        </div>
      </div>
    </div>
  </div>
</div>
`;

exports[`top-nav/presenters/HelpActionPresenter  3`] = `
<div
  className="hig__top-nav__action"
>
  <div
    className="hig__flyout-v1 hig__flyout-v1--exited hig__flyout-v1--top-right"
  >
    <div
      className="hig__flyout-v1__action"
    >
      <button
        className="hig__top-nav__help-action"
        onClick={[Function]}
        type="button"
      >
        <div
          className="hig__icon hig__icon--24-size"
          dangerouslySetInnerHTML={
            Object {
              "__html": "<svg xmlns=\\"http://www.w3.org/2000/svg\\" width=\\"24\\" height=\\"24\\" viewBox=\\"0 0 24 24\\" role=\\"img\\" title=\\"help-24\\"><g fill=\\"#2e4258\\"><path d=\\"M12,22A10,10,0,1,1,22,12,10,10,0,0,1,12,22ZM12,3a9,9,0,1,0,9,9A9,9,0,0,0,12,3Z\\"/><path d=\\"M12.35,6.33A3.15,3.15,0,0,0,9,9.23l0,.24,1.49.32,0-.25c.23-1.19.83-1.77,1.83-1.77a1.78,1.78,0,0,1,1.15.38,1.2,1.2,0,0,1,.46,1,1.46,1.46,0,0,1-.48,1.08,6.25,6.25,0,0,1-.8.51,3.93,3.93,0,0,0-.77.5,1.57,1.57,0,0,0-.32.48,1.81,1.81,0,0,0-.17.6c0,.19-.08,1.44-.08,2.15v.25h1.5V12.89a.93.93,0,0,1,.12-.55,2.75,2.75,0,0,1,.83-.55,2.92,2.92,0,0,0,1.85-2.61,2.65,2.65,0,0,0-.91-2.06A3.38,3.38,0,0,0,12.35,6.33Z\\"/><rect x=\\"10.95\\" y=\\"16\\" width=\\"2.1\\" height=\\"2.1\\" rx=\\".79\\" ry=\\".79\\"/></g></svg>",
            }
          }
        />
      </button>
    </div>
    <div
      className="hig__flyout-v1__container"
      style={
        Object {
          "left": undefined,
          "top": undefined,
        }
      }
    >
      <div
        aria-hidden="true"
        className="hig__flyout-v1__chevron"
        role="presentation"
      />
      <div
        aria-hidden="true"
        className="hig__flyout-v1__chevron-cover"
        role="presentation"
      />
      <div
        className="hig__flyout-v1__panel-container"
        style={
          Object {
            "maxHeight": undefined,
          }
        }
      >
        <div
          className="hig__flyout-v1__panel-container__inner"
        >
          <div
            className="hig__flyout-v1__panel"
            onScroll={undefined}
          >
            <div
              className="logo"
            />
          </div>
        </div>
      </div>
    </div>
  </div>
</div>
`;
